stdout
.\venv\Scripts\python : stderr
At line:1 char:1
+ .\venv\Scripts\python -c "import sys; print('stdout'); print('stderr' ...
+ ~~~~~~~~~~~~~~~~~~~~~~~~~~~~~~~~~~~~~~~~~~~~~~~~~~~~~~~~~~~~~~~~~~~~~
    + CategoryInfo          : NotSpecified: (stderr:String) [], RemoteException
    + FullyQualifiedErrorId : NativeCommandError
 
